[2026-07-22T12:59:37.719+0000] {manager.py:470} INFO - Processing files using up to 1 processes at a time 
[2026-07-22T12:59:37.723+0000] {manager.py:471} INFO - Process each file at most once every 30 seconds
[2026-07-22T12:59:37.726+0000] {manager.py:472} INFO - Checking for new files in /opt/airflow/dags every 300 seconds
[2026-07-22T12:59:37.729+0000] {manager.py:737} INFO - Searching for files in /opt/airflow/dags
[2026-07-22T12:59:37.734+0000] {manager.py:740} INFO - There are 0 files in /opt/airflow/dags
[2026-07-22T13:15:00.090+0000] {manager.py:737} INFO - Searching for files in /opt/airflow/dags
[2026-07-22T13:15:00.217+0000] {manager.py:740} INFO - There are 0 files in /opt/airflow/dags
[2026-07-22T13:21:31.508+0000] {manager.py:737} INFO - Searching for files in /opt/airflow/dags
[2026-07-22T13:21:31.516+0000] {manager.py:740} INFO - There are 0 files in /opt/airflow/dags
[2026-07-22T13:26:32.121+0000] {manager.py:737} INFO - Searching for files in /opt/airflow/dags
[2026-07-22T13:26:32.135+0000] {manager.py:740} INFO - There are 0 files in /opt/airflow/dags
[2026-07-22T13:31:32.373+0000] {manager.py:737} INFO - Searching for files in /opt/airflow/dags
[2026-07-22T13:31:32.374+0000] {manager.py:740} INFO - There are 0 files in /opt/airflow/dags
[2026-07-22T13:36:33.321+0000] {manager.py:737} INFO - Searching for files in /opt/airflow/dags
[2026-07-22T13:36:33.328+0000] {manager.py:740} INFO - There are 0 files in /opt/airflow/dags
[2026-07-22T13:41:33.931+0000] {manager.py:737} INFO - Searching for files in /opt/airflow/dags
[2026-07-22T13:41:33.939+0000] {manager.py:740} INFO - There are 0 files in /opt/airflow/dags
[2026-07-22T13:46:34.356+0000] {manager.py:737} INFO - Searching for files in /opt/airflow/dags
[2026-07-22T13:46:34.359+0000] {manager.py:740} INFO - There are 0 files in /opt/airflow/dags
[2026-07-22T13:51:35.113+0000] {manager.py:737} INFO - Searching for files in /opt/airflow/dags
[2026-07-22T13:51:35.114+0000] {manager.py:740} INFO - There are 0 files in /opt/airflow/dags
[2026-07-22T13:56:35.930+0000] {manager.py:737} INFO - Searching for files in /opt/airflow/dags
[2026-07-22T13:56:35.936+0000] {manager.py:740} INFO - There are 0 files in /opt/airflow/dags
[2026-07-24T05:00:35.061+0000] {manager.py:470} INFO - Processing files using up to 1 processes at a time 
[2026-07-24T05:00:35.063+0000] {manager.py:471} INFO - Process each file at most once every 30 seconds
[2026-07-24T05:00:35.064+0000] {manager.py:472} INFO - Checking for new files in /opt/airflow/dags every 300 seconds
[2026-07-24T05:00:35.065+0000] {manager.py:737} INFO - Searching for files in /opt/airflow/dags
[2026-07-24T05:00:35.100+0000] {manager.py:740} INFO - There are 0 files in /opt/airflow/dags
[2026-07-24T05:05:35.512+0000] {manager.py:737} INFO - Searching for files in /opt/airflow/dags
[2026-07-24T05:05:35.583+0000] {manager.py:740} INFO - There are 0 files in /opt/airflow/dags
[2026-07-24T05:09:48.155+0000] {manager.py:470} INFO - Processing files using up to 1 processes at a time 
[2026-07-24T05:09:48.158+0000] {manager.py:471} INFO - Process each file at most once every 30 seconds
[2026-07-24T05:09:48.160+0000] {manager.py:472} INFO - Checking for new files in /opt/airflow/dags every 300 seconds
[2026-07-24T05:09:48.162+0000] {manager.py:737} INFO - Searching for files in /opt/airflow/dags
[2026-07-24T05:09:48.218+0000] {manager.py:740} INFO - There are 0 files in /opt/airflow/dags
